[*] Looking for AMF container process...
    pid=146560
    exe=/proc/146560/exe

    cgroup_id=26258

[*] Attaching uprobes...
[*] Attaching tracepoints...
  [tp]     syscalls/sys_enter_connect
  [tp]     syscalls/sys_exit_connect
  [tp]     syscalls/sys_enter_accept4
  [tp]     syscalls/sys_exit_accept4
  [tp]     syscalls/sys_enter_write
  [tp]     syscalls/sys_exit_read

[*] Tracing AMF (pid=146560). Ctrl+C to stop.

NF    API
────  ────────────────────────────────
[06:22:29.726610] AMF   WRITE    112    bytes  pid=146560
[06:22:29.726706] AMF   WRITE    165    bytes  pid=146560
[06:22:29.726737] AMF   WRITE    163    bytes  pid=146560
[06:22:29.726750] AMF   WRITE    178    bytes  pid=146560
[06:22:29.726799] AMF   WRITE    101    bytes  pid=146560
[06:22:29.726832] AMF   WRITE    133    bytes  pid=146560
[06:22:29.726842] AMF   WRITE    131    bytes  pid=146560
[06:22:29.726851] AMF   WRITE    142    bytes  pid=146560
[06:22:29.726864] AMF   WRITE    162    bytes  pid=146560
[06:22:29.726879] AMF   WRITE    144    bytes  pid=146560
[06:22:29.726888] AMF   WRITE    128    bytes  pid=146560
[06:22:29.726933] AMF   WRITE    8      bytes  pid=146560
[06:22:29.726949] AMF   READ     8      bytes  pid=146560
[06:22:29.727072] AMF   WRITE    8      bytes  pid=146560
[06:22:29.727088] AMF   READ     8      bytes  pid=146560
[06:22:29.727111] AMF   CONNECT  → 127.0.0.11:53           pid=146560
[06:22:29.727116] AMF   CONNECT  → 127.0.0.11:53           pid=146560
[06:22:29.727130] AMF   WRITE    8      bytes  pid=146560
[06:22:29.727133] AMF   WRITE    44     bytes  pid=146560
[06:22:29.727134] AMF   WRITE    44     bytes  pid=146560
[06:22:29.727147] AMF   READ     8      bytes  pid=146560
[06:22:29.727318] AMF   READ     64     bytes  pid=146560
[06:22:29.727351] AMF   READ     33     bytes  pid=146560
[06:22:29.727521] AMF   CONNECT  → 10.100.200.4:8000       pid=146560
[06:22:29.727687] AMF   WRITE    70     bytes  pid=146560
[06:22:29.727788] AMF   WRITE    8      bytes  pid=146560
[06:22:29.727917] AMF   WRITE    128    bytes  pid=146560
[06:22:29.727925] AMF   READ     8      bytes  pid=146560
[06:22:29.728044] AMF   READ     39     bytes  pid=146560
[06:22:29.728148] AMF   WRITE    8      bytes  pid=146560
[06:22:29.728159] AMF   READ     8      bytes  pid=146560
[06:22:29.728220] AMF   WRITE    132    bytes  pid=146560
[06:22:29.728301] AMF   WRITE    9      bytes  pid=146560
[06:22:29.728331] AMF   READ     22     bytes  pid=146560
[06:22:29.732344] AMF   READ     63     bytes  pid=146560
[06:22:29.732550] AMF   READ     626    bytes  pid=146560
[06:22:29.732825] AMF   WRITE    524    bytes  pid=146560
[06:22:29.734341] AMF   READ     17     bytes  pid=146560
[06:22:29.734567] AMF   READ     537    bytes  pid=146560
[06:22:29.734806] AMF   WRITE    21     bytes  pid=146560
[06:22:29.734843] AMF   WRITE    134    bytes  pid=146560
[06:22:29.738732] AMF   READ     17     bytes  pid=146560
[06:22:29.738897] AMF   READ     628    bytes  pid=146560
[06:22:29.739137] AMF   CONNECT  → 127.0.0.11:53           pid=146560
[06:22:29.739138] AMF   CONNECT  → 127.0.0.11:53           pid=146560
[06:22:29.739155] AMF   WRITE    45     bytes  pid=146560
[06:22:29.739155] AMF   WRITE    45     bytes  pid=146560
[06:22:29.739290] AMF   READ     34     bytes  pid=146560
[06:22:29.739334] AMF   READ     66     bytes  pid=146560
[06:22:29.739458] AMF   CONNECT  → 10.100.200.10:8000      pid=146560
[06:22:29.739506] AMF   WRITE    70     bytes  pid=146560
[06:22:29.739647] AMF   WRITE    589    bytes  pid=146560
[06:22:29.739674] AMF   WRITE    115    bytes  pid=146560
[06:22:29.739720] AMF   READ     39     bytes  pid=146560
[06:22:29.739740] AMF   WRITE    9      bytes  pid=146560
[06:22:29.739763] AMF   READ     22     bytes  pid=146560
[06:22:29.739785] AMF   WRITE    8      bytes  pid=146560
[06:22:29.739794] AMF   READ     8      bytes  pid=146560
[06:22:29.739957] AMF   READ     17     bytes  pid=146560
[06:22:29.758317] AMF   READ     134    bytes  pid=146560
[06:22:29.758392] AMF   READ     381    bytes  pid=146560
[06:22:29.758470] AMF   WRITE    131    bytes  pid=146560
[06:22:29.758503] AMF   WRITE    150    bytes  pid=146560
[06:22:29.758603] AMF   WRITE    121    bytes  pid=146560
[06:22:29.759464] AMF   WRITE    114    bytes  pid=146560
[06:22:29.759478] AMF   READ     17     bytes  pid=146560
[06:22:29.759501] AMF   WRITE    169    bytes  pid=146560
[06:22:29.759554] AMF   WRITE    137    bytes  pid=146560
[06:22:29.759564] AMF   WRITE    134    bytes  pid=146560
[06:22:29.759573] AMF   WRITE    120    bytes  pid=146560
[06:22:29.759786] AMF   CONNECT  → 127.0.0.11:53           pid=146560
[06:22:29.759803] AMF   WRITE    44     bytes  pid=146560
[06:22:29.759936] AMF   CONNECT  → 127.0.0.11:53           pid=146560
[06:22:29.759949] AMF   WRITE    44     bytes  pid=146560
[06:22:29.760265] AMF   READ     33     bytes  pid=146560
[06:22:29.760295] AMF   READ     64     bytes  pid=146560
[06:22:29.760443] AMF   CONNECT  → 10.100.200.4:8000       pid=146560
[06:22:29.760510] AMF   WRITE    70     bytes  pid=146560
[06:22:29.760592] AMF   WRITE    128    bytes  pid=146560
[06:22:29.760829] AMF   WRITE    134    bytes  pid=146560
[06:22:29.761286] AMF   READ     61     bytes  pid=146560
[06:22:29.761302] AMF   WRITE    9      bytes  pid=146560
[06:22:29.765897] AMF   READ     63     bytes  pid=146560
[06:22:29.766113] AMF   READ     628    bytes  pid=146560
[06:22:29.766401] AMF   CONNECT  → 127.0.0.11:53           pid=146560
[06:22:29.766401] AMF   CONNECT  → 127.0.0.11:53           pid=146560
[06:22:29.766432] AMF   WRITE    45     bytes  pid=146560
[06:22:29.766432] AMF   WRITE    45     bytes  pid=146560
[06:22:29.766596] AMF   READ     34     bytes  pid=146560
[06:22:29.766658] AMF   READ     66     bytes  pid=146560
[06:22:29.766824] AMF   CONNECT  → 10.100.200.10:8000      pid=146560
[06:22:29.766902] AMF   WRITE    70     bytes  pid=146560
[06:22:29.767091] AMF   WRITE    611    bytes  pid=146560
[06:22:29.767127] AMF   READ     17     bytes  pid=146560
[06:22:29.767201] AMF   WRITE    55     bytes  pid=146560
[06:22:29.767320] AMF   READ     61     bytes  pid=146560
[06:22:29.767826] AMF   WRITE    9      bytes  pid=146560
[06:22:29.780943] AMF   READ     63     bytes  pid=146560
[06:22:29.781020] AMF   READ     153    bytes  pid=146560
[06:22:29.781128] AMF   WRITE    146    bytes  pid=146560
[06:22:29.781159] AMF   WRITE    150    bytes  pid=146560
[06:22:29.781180] AMF   WRITE    150    bytes  pid=146560
[06:22:29.781269] AMF   WRITE    141    bytes  pid=146560
[06:22:29.781300] AMF   WRITE    8      bytes  pid=146560
[06:22:29.781312] AMF   READ     8      bytes  pid=146560
[06:22:29.781988] AMF   WRITE    114    bytes  pid=146560
[06:22:29.782015] AMF   WRITE    169    bytes  pid=146560
[06:22:29.782069] AMF   WRITE    140    bytes  pid=146560
[06:22:29.782081] AMF   WRITE    152    bytes  pid=146560
[06:22:29.782120] AMF   WRITE    133    bytes  pid=146560
[06:22:29.782232] AMF   WRITE    133    bytes  pid=146560
[06:22:29.782253] AMF   WRITE    153    bytes  pid=146560
[06:22:29.782263] AMF   WRITE    140    bytes  pid=146560
[06:22:29.782313] AMF   WRITE    142    bytes  pid=146560
[06:22:29.782330] AMF   WRITE    150    bytes  pid=146560
[06:22:29.782393] AMF   READ     17     bytes  pid=146560
[06:22:29.782556] AMF   CONNECT  → 127.0.0.11:53           pid=146560
[06:22:29.782581] AMF   WRITE    44     bytes  pid=146560
[06:22:29.782583] AMF   CONNECT  → 127.0.0.11:53           pid=146560
[06:22:29.782597] AMF   WRITE    44     bytes  pid=146560
[06:22:29.782786] AMF   READ     64     bytes  pid=146560
[06:22:29.782788] AMF   WRITE    120    bytes  pid=146560
[06:22:29.782841] AMF   READ     33     bytes  pid=146560
[06:22:29.783082] AMF   CONNECT  → 10.100.200.4:8000       pid=146560
[06:22:29.783161] AMF   WRITE    70     bytes  pid=146560
[06:22:29.783282] AMF   WRITE    128    bytes  pid=146560
[06:22:29.783326] AMF   WRITE    132    bytes  pid=146560
[06:22:29.784047] AMF   WRITE    172    bytes  pid=146560
[06:22:29.784078] AMF   WRITE    131    bytes  pid=146560
[06:22:29.784329] AMF   READ     39     bytes  pid=146560
[06:22:29.784346] AMF   WRITE    9      bytes  pid=146560
[06:22:29.784416] AMF   READ     22     bytes  pid=146560
[06:22:29.788340] AMF   READ     63     bytes  pid=146560
[06:22:29.788524] AMF   READ     626    bytes  pid=146560
[06:22:29.788678] AMF   WRITE    541    bytes  pid=146560
[06:22:29.790379] AMF   READ     17     bytes  pid=146560
[06:22:29.790520] AMF   READ     1688   bytes  pid=146560
[06:22:29.790741] AMF   WRITE    21     bytes  pid=146560
[06:22:29.790767] AMF   WRITE    131    bytes  pid=146560
[06:22:29.794917] AMF   READ     17     bytes  pid=146560
[06:22:29.795076] AMF   READ     623    bytes  pid=146560
[06:22:29.795295] AMF   CONNECT  → 127.0.0.11:53           pid=146560
[06:22:29.795313] AMF   WRITE    44     bytes  pid=146560
[06:22:29.795361] AMF   CONNECT  → 127.0.0.11:53           pid=146560
[06:22:29.795382] AMF   WRITE    44     bytes  pid=146560
[06:22:29.795461] AMF   READ     33     bytes  pid=146560
[06:22:29.795491] AMF   WRITE    8      bytes  pid=146560
[06:22:29.795501] AMF   READ     8      bytes  pid=146560
[06:22:29.795505] AMF   READ     64     bytes  pid=146560
[06:22:29.795633] AMF   CONNECT  → 10.100.200.9:8000       pid=146560
[06:22:29.795689] AMF   WRITE    70     bytes  pid=146560
[06:22:29.795805] AMF   WRITE    612    bytes  pid=146560
[06:22:29.795849] AMF   READ     39     bytes  pid=146560
[06:22:29.795860] AMF   WRITE    9      bytes  pid=146560
[06:22:29.795893] AMF   WRITE    8      bytes  pid=146560
[06:22:29.795918] AMF   READ     8      bytes  pid=146560
[06:22:29.795922] AMF   READ     22     bytes  pid=146560
[06:22:29.796157] AMF   READ     17     bytes  pid=146560
[06:22:29.803604] AMF   READ     62     bytes  pid=146560
[06:22:29.803644] AMF   READ     99     bytes  pid=146560
[06:22:29.803719] AMF   WRITE    122    bytes  pid=146560
[06:22:29.803740] AMF   WRITE    193    bytes  pid=146560
[06:22:29.803755] AMF   WRITE    193    bytes  pid=146560
[06:22:29.803926] AMF   CONNECT  → 127.0.0.11:53           pid=146560
[06:22:29.803926] AMF   CONNECT  → 127.0.0.11:53           pid=146560
[06:22:29.803943] AMF   WRITE    44     bytes  pid=146560
[06:22:29.803943] AMF   WRITE    44     bytes  pid=146560
[06:22:29.804109] AMF   READ     33     bytes  pid=146560
[06:22:29.804147] AMF   WRITE    8      bytes  pid=146560
[06:22:29.804162] AMF   READ     8      bytes  pid=146560
[06:22:29.804193] AMF   READ     64     bytes  pid=146560
[06:22:29.804326] AMF   CONNECT  → 10.100.200.4:8000       pid=146560
[06:22:29.804383] AMF   WRITE    70     bytes  pid=146560
[06:22:29.804458] AMF   WRITE    128    bytes  pid=146560
[06:22:29.804490] AMF   WRITE    132    bytes  pid=146560
[06:22:29.804648] AMF   READ     39     bytes  pid=146560
[06:22:29.804667] AMF   WRITE    9      bytes  pid=146560
[06:22:29.804693] AMF   READ     22     bytes  pid=146560
[06:22:29.805584] AMF   READ     17     bytes  pid=146560
[06:22:29.807776] AMF   READ     63     bytes  pid=146560
[06:22:29.807861] AMF   READ     626    bytes  pid=146560
[06:22:29.808049] AMF   WRITE    541    bytes  pid=146560
[06:22:29.810074] AMF   READ     1705   bytes  pid=146560
[06:22:29.810370] AMF   WRITE    18     bytes  pid=146560
[06:22:29.810790] AMF   WRITE    132    bytes  pid=146560
[06:22:29.816202] AMF   READ     13     bytes  pid=146560
[06:22:29.816375] AMF   READ     626    bytes  pid=146560
[06:22:29.816678] AMF   CONNECT  → 127.0.0.11:53           pid=146560
[06:22:29.816679] AMF   CONNECT  → 127.0.0.11:53           pid=146560
[06:22:29.816697] AMF   WRITE    44     bytes  pid=146560
[06:22:29.816716] AMF   WRITE    44     bytes  pid=146560
[06:22:29.816851] AMF   READ     64     bytes  pid=146560
[06:22:29.816890] AMF   READ     33     bytes  pid=146560
[06:22:29.817119] AMF   CONNECT  → 10.100.200.9:8000       pid=146560
[06:22:29.817213] AMF   WRITE    70     bytes  pid=146560
[06:22:29.817435] AMF   READ     17     bytes  pid=146560
[06:22:29.817492] AMF   READ     39     bytes  pid=146560
[06:22:29.817578] AMF   WRITE    593    bytes  pid=146560
[06:22:29.817665] AMF   WRITE    309    bytes  pid=146560
[06:22:29.817788] AMF   WRITE    9      bytes  pid=146560
[06:22:29.817832] AMF   READ     22     bytes  pid=146560
[06:22:29.818470] AMF   READ     17     bytes  pid=146560
[06:22:29.820058] AMF   WRITE    8      bytes  pid=146560
[06:22:29.820289] AMF   READ     8      bytes  pid=146560
[06:22:29.828792] AMF   READ     62     bytes  pid=146560
[06:22:29.828833] AMF   READ     309    bytes  pid=146560
[06:22:29.829126] AMF   CONNECT  → 127.0.0.11:53           pid=146560
[06:22:29.829126] AMF   CONNECT  → 127.0.0.11:53           pid=146560
[06:22:29.829143] AMF   WRITE    44     bytes  pid=146560
[06:22:29.829143] AMF   WRITE    44     bytes  pid=146560
[06:22:29.829295] AMF   READ     33     bytes  pid=146560
[06:22:29.829325] AMF   WRITE    8      bytes  pid=146560
[06:22:29.829336] AMF   READ     8      bytes  pid=146560
[06:22:29.829365] AMF   READ     64     bytes  pid=146560
[06:22:29.829498] AMF   CONNECT  → 10.100.200.4:8000       pid=146560
[06:22:29.829548] AMF   WRITE    70     bytes  pid=146560
[06:22:29.829696] AMF   WRITE    128    bytes  pid=146560
[06:22:29.829729] AMF   READ     39     bytes  pid=146560
[06:22:29.829740] AMF   WRITE    131    bytes  pid=146560
[06:22:29.829765] AMF   WRITE    9      bytes  pid=146560
[06:22:29.829793] AMF   READ     22     bytes  pid=146560
[06:22:29.834587] AMF   READ     63     bytes  pid=146560
[06:22:29.834673] AMF   READ     623    bytes  pid=146560
[06:22:29.834929] AMF   CONNECT  → 127.0.0.11:53           pid=146560
[06:22:29.834982] AMF   CONNECT  → 127.0.0.11:53           pid=146560
[06:22:29.835021] AMF   WRITE    44     bytes  pid=146560
[06:22:29.835085] AMF   WRITE    44     bytes  pid=146560
[06:22:29.835243] AMF   READ     64     bytes  pid=146560
[06:22:29.835253] AMF   READ     33     bytes  pid=146560
[06:22:29.835451] AMF   CONNECT  → 10.100.200.9:8000       pid=146560
[06:22:29.835517] AMF   WRITE    70     bytes  pid=146560
[06:22:29.835633] AMF   WRITE    614    bytes  pid=146560
[06:22:29.835834] AMF   READ     17     bytes  pid=146560
[06:22:29.835954] AMF   READ     39     bytes  pid=146560
[06:22:29.835968] AMF   WRITE    9      bytes  pid=146560
[06:22:29.836085] AMF   READ     22     bytes  pid=146560
[06:22:29.842782] AMF   READ     63     bytes  pid=146560
[06:22:29.842867] AMF   READ     188    bytes  pid=146560
[06:22:29.843102] AMF   CONNECT  → 127.0.0.11:53           pid=146560
[06:22:29.843103] AMF   CONNECT  → 127.0.0.11:53           pid=146560
[06:22:29.843121] AMF   WRITE    44     bytes  pid=146560
[06:22:29.843121] AMF   WRITE    44     bytes  pid=146560
[06:22:29.843292] AMF   READ     64     bytes  pid=146560
[06:22:29.843301] AMF   READ     33     bytes  pid=146560
[06:22:29.843443] AMF   CONNECT  → 10.100.200.4:8000       pid=146560
[06:22:29.843495] AMF   WRITE    70     bytes  pid=146560
[06:22:29.843602] AMF   WRITE    128    bytes  pid=146560
[06:22:29.843658] AMF   WRITE    131    bytes  pid=146560
[06:22:29.844128] AMF   READ     61     bytes  pid=146560
[06:22:29.844138] AMF   READ     17     bytes  pid=146560
[06:22:29.844141] AMF   WRITE    9      bytes  pid=146560
[06:22:29.848233] AMF   READ     686    bytes  pid=146560
[06:22:29.848540] AMF   CONNECT  → 127.0.0.11:53           pid=146560
[06:22:29.848564] AMF   WRITE    44     bytes  pid=146560
[06:22:29.848632] AMF   CONNECT  → 127.0.0.11:53           pid=146560
[06:22:29.848653] AMF   WRITE    44     bytes  pid=146560
[06:22:29.848950] AMF   READ     33     bytes  pid=146560
[06:22:29.848951] AMF   READ     64     bytes  pid=146560
[06:22:29.849234] AMF   CONNECT  → 10.100.200.9:8000       pid=146560
[06:22:29.849316] AMF   WRITE    70     bytes  pid=146560
[06:22:29.849490] AMF   WRITE    619    bytes  pid=146560
[06:22:29.849542] AMF   READ     39     bytes  pid=146560
[06:22:29.849562] AMF   READ     17     bytes  pid=146560
[06:22:29.849593] AMF   WRITE    9      bytes  pid=146560
[06:22:29.849738] AMF   READ     22     bytes  pid=146560
[06:22:29.857233] AMF   READ     62     bytes  pid=146560
[06:22:29.857272] AMF   READ     126    bytes  pid=146560
[06:22:29.857499] AMF   CONNECT  → 127.0.0.11:53           pid=146560
[06:22:29.857514] AMF   CONNECT  → 127.0.0.11:53           pid=146560
[06:22:29.857520] AMF   WRITE    44     bytes  pid=146560
[06:22:29.857528] AMF   WRITE    44     bytes  pid=146560
[06:22:29.857672] AMF   READ     64     bytes  pid=146560
[06:22:29.857710] AMF   READ     33     bytes  pid=146560
[06:22:29.857834] AMF   CONNECT  → 10.100.200.4:8000       pid=146560
[06:22:29.857910] AMF   WRITE    70     bytes  pid=146560
[06:22:29.858056] AMF   WRITE    128    bytes  pid=146560
[06:22:29.858085] AMF   WRITE    131    bytes  pid=146560
[06:22:29.858118] AMF   READ     39     bytes  pid=146560
[06:22:29.858131] AMF   WRITE    9      bytes  pid=146560
[06:22:29.858170] AMF   READ     22     bytes  pid=146560
[06:22:29.858370] AMF   READ     17     bytes  pid=146560
[06:22:29.862329] AMF   READ     63     bytes  pid=146560
[06:22:29.862483] AMF   READ     623    bytes  pid=146560
[06:22:29.862713] AMF   CONNECT  → 127.0.0.11:53           pid=146560
[06:22:29.862713] AMF   CONNECT  → 127.0.0.11:53           pid=146560
[06:22:29.862732] AMF   WRITE    44     bytes  pid=146560
[06:22:29.862732] AMF   WRITE    44     bytes  pid=146560
[06:22:29.862871] AMF   READ     33     bytes  pid=146560
[06:22:29.862919] AMF   READ     64     bytes  pid=146560
[06:22:29.863075] AMF   CONNECT  → 10.100.200.9:8000       pid=146560
[06:22:29.863142] AMF   WRITE    70     bytes  pid=146560
[06:22:29.863250] AMF   WRITE    582    bytes  pid=146560
[06:22:29.863292] AMF   READ     39     bytes  pid=146560
[06:22:29.863308] AMF   WRITE    9      bytes  pid=146560
[06:22:29.863594] AMF   READ     17     bytes  pid=146560
[06:22:29.863840] AMF   READ     22     bytes  pid=146560
[06:22:29.879515] AMF   READ     61     bytes  pid=146560
[06:22:29.879695] AMF   READ     11     bytes  pid=146560
[06:22:29.880092] AMF   CONNECT  → 127.0.0.11:53           pid=146560
[06:22:29.880123] AMF   WRITE    44     bytes  pid=146560
[06:22:29.880215] AMF   CONNECT  → 127.0.0.11:53           pid=146560
[06:22:29.880226] AMF   WRITE    44     bytes  pid=146560
[06:22:29.880393] AMF   READ     64     bytes  pid=146560
[06:22:29.880456] AMF   READ     33     bytes  pid=146560
[06:22:29.880753] AMF   CONNECT  → 10.100.200.4:8000       pid=146560
[06:22:29.880862] AMF   WRITE    70     bytes  pid=146560
[06:22:29.881053] AMF   WRITE    128    bytes  pid=146560
[06:22:29.881154] AMF   WRITE    131    bytes  pid=146560
[06:22:29.881235] AMF   READ     61     bytes  pid=146560
[06:22:29.881292] AMF   WRITE    9      bytes  pid=146560
[06:22:29.881731] AMF   READ     17     bytes  pid=146560
[06:22:29.889761] AMF   READ     63     bytes  pid=146560
[06:22:29.890120] AMF   READ     623    bytes  pid=146560
[06:22:29.890433] AMF   CONNECT  → 127.0.0.11:53           pid=146560
[06:22:29.890433] AMF   CONNECT  → 127.0.0.11:53           pid=146560
[06:22:29.890454] AMF   WRITE    44     bytes  pid=146560
[06:22:29.890454] AMF   WRITE    44     bytes  pid=146560
[06:22:29.890650] AMF   READ     33     bytes  pid=146560
[06:22:29.890693] AMF   READ     64     bytes  pid=146560
[06:22:29.890861] AMF   CONNECT  → 10.100.200.9:8000       pid=146560
[06:22:29.890932] AMF   WRITE    70     bytes  pid=146560
[06:22:29.891120] AMF   READ     17     bytes  pid=146560
[06:22:29.891160] AMF   READ     61     bytes  pid=146560
[06:22:29.891221] AMF   WRITE    583    bytes  pid=146560
[06:22:29.891313] AMF   WRITE    150    bytes  pid=146560
[06:22:29.891347] AMF   WRITE    9      bytes  pid=146560
[06:22:29.902206] AMF   READ     124    bytes  pid=146560
[06:22:29.902318] AMF   READ     172    bytes  pid=146560
[06:22:29.902750] AMF   CONNECT  → 127.0.0.11:53           pid=146560
[06:22:29.902826] AMF   CONNECT  → 127.0.0.11:53           pid=146560
[06:22:29.902865] AMF   WRITE    44     bytes  pid=146560
[06:22:29.902981] AMF   WRITE    44     bytes  pid=146560
[06:22:29.903304] AMF   READ     64     bytes  pid=146560
[06:22:29.903349] AMF   READ     33     bytes  pid=146560
[06:22:29.903532] AMF   CONNECT  → 10.100.200.4:8000       pid=146560
[06:22:29.903653] AMF   WRITE    70     bytes  pid=146560
[06:22:29.903836] AMF   WRITE    128    bytes  pid=146560
[06:22:29.903896] AMF   WRITE    132    bytes  pid=146560
[06:22:29.904060] AMF   READ     17     bytes  pid=146560
[06:22:29.904300] AMF   READ     61     bytes  pid=146560
[06:22:29.904312] AMF   WRITE    9      bytes  pid=146560
[06:22:29.910370] AMF   READ     63     bytes  pid=146560
[06:22:29.910618] AMF   WRITE    8      bytes  pid=146560
[06:22:29.910714] AMF   READ     8      bytes  pid=146560
[06:22:29.910748] AMF   READ     626    bytes  pid=146560
[06:22:29.911088] AMF   WRITE    559    bytes  pid=146560
[06:22:29.913986] AMF   READ     17     bytes  pid=146560
[06:22:29.914121] AMF   WRITE    8      bytes  pid=146560
[06:22:29.914161] AMF   READ     8      bytes  pid=146560
[06:22:29.914305] AMF   READ     2152   bytes  pid=146560
[06:22:29.914831] AMF   WRITE    22     bytes  pid=146560
[06:22:29.915023] AMF   WRITE    145    bytes  pid=146560
[06:22:29.923453] AMF   READ     17     bytes  pid=146560
[06:22:29.923590] AMF   WRITE    8      bytes  pid=146560
[06:22:29.923613] AMF   READ     8      bytes  pid=146560
[06:22:29.923772] AMF   READ     656    bytes  pid=146560
[06:22:29.924277] AMF   CONNECT  → 127.0.0.11:53           pid=146560
[06:22:29.924305] AMF   WRITE    44     bytes  pid=146560
[06:22:29.924410] AMF   CONNECT  → 127.0.0.11:53           pid=146560
[06:22:29.924424] AMF   WRITE    44     bytes  pid=146560
[06:22:29.924663] AMF   READ     64     bytes  pid=146560
[06:22:29.924905] AMF   WRITE    8      bytes  pid=146560
[06:22:29.924916] AMF   READ     8      bytes  pid=146560
[06:22:29.924953] AMF   READ     17     bytes  pid=146560
[06:22:29.924983] AMF   READ     33     bytes  pid=146560
[06:22:29.925374] AMF   CONNECT  → 10.100.200.11:8000      pid=146560
[06:22:29.925604] AMF   WRITE    70     bytes  pid=146560
[06:22:29.926039] AMF   READ     61     bytes  pid=146560
[06:22:29.926112] AMF   WRITE    589    bytes  pid=146560
[06:22:29.926167] AMF   WRITE    307    bytes  pid=146560
[06:22:29.926199] AMF   WRITE    9      bytes  pid=146560
[06:22:29.939702] AMF   READ     128    bytes  pid=146560
[06:22:29.939804] AMF   WRITE    8      bytes  pid=146560
[06:22:29.939820] AMF   READ     8      bytes  pid=146560
[06:22:29.940028] AMF   READ     335    bytes  pid=146560
[06:22:29.940217] AMF   WRITE    148    bytes  pid=146560
[06:22:29.940280] AMF   WRITE    157    bytes  pid=146560
[06:22:29.940477] AMF   WRITE    141    bytes  pid=146560
[06:22:29.941800] AMF   READ     17     bytes  pid=146560
[06:22:29.948211] AMF   WRITE    123    bytes  pid=146560
[06:22:29.948242] AMF   WRITE    178    bytes  pid=146560
[06:22:30.154573] AMF   WRITE    114    bytes  pid=146560
[06:22:30.154629] AMF   WRITE    169    bytes  pid=146560
[06:22:30.155993] AMF   WRITE    133    bytes  pid=146560
[06:22:30.156049] AMF   WRITE    152    bytes  pid=146560
[06:22:30.156218] AMF   WRITE    140    bytes  pid=146560
[06:22:30.156287] AMF   WRITE    157    bytes  pid=146560
[06:22:30.156306] AMF   WRITE    150    bytes  pid=146560
[06:22:30.156542] AMF   WRITE    140    bytes  pid=146560
[06:22:30.156634] AMF   WRITE    114    bytes  pid=146560
[06:22:30.156652] AMF   WRITE    169    bytes  pid=146560
[06:22:30.156715] AMF   WRITE    129    bytes  pid=146560
[06:22:30.156734] AMF   WRITE    147    bytes  pid=146560
[06:22:30.156744] AMF   WRITE    153    bytes  pid=146560
[06:22:30.156777] AMF   WRITE    177    bytes  pid=146560
[06:22:30.157084] AMF   CONNECT  → 127.0.0.11:53           pid=146560
[06:22:30.157100] AMF   CONNECT  → 127.0.0.11:53           pid=146560
[06:22:30.157112] AMF   WRITE    44     bytes  pid=146560
[06:22:30.157116] AMF   WRITE    44     bytes  pid=146560
[06:22:30.157317] AMF   READ     33     bytes  pid=146560
[06:22:30.157367] AMF   READ     64     bytes  pid=146560
[06:22:30.157555] AMF   CONNECT  → 10.100.200.4:8000       pid=146560
[06:22:30.157627] AMF   WRITE    70     bytes  pid=146560
[06:22:30.157756] AMF   WRITE    128    bytes  pid=146560
[06:22:30.157854] AMF   WRITE    132    bytes  pid=146560
[06:22:30.158081] AMF   READ     39     bytes  pid=146560
[06:22:30.158095] AMF   WRITE    9      bytes  pid=146560
[06:22:30.158233] AMF   READ     13     bytes  pid=146560
[06:22:30.158326] AMF   READ     9      bytes  pid=146560
[06:22:30.163274] AMF   READ     63     bytes  pid=146560
[06:22:30.163537] AMF   READ     626    bytes  pid=146560
[06:22:30.163851] AMF   WRITE    521    bytes  pid=146560
[06:22:30.167902] AMF   READ     17     bytes  pid=146560
[06:22:30.168143] AMF   READ     856    bytes  pid=146560
[06:22:30.168466] AMF   WRITE    21     bytes  pid=146560
[06:22:30.168585] AMF   WRITE    141    bytes  pid=146560
[06:22:30.174412] AMF   READ     17     bytes  pid=146560
[06:22:30.174642] AMF   READ     644    bytes  pid=146560
[06:22:30.174990] AMF   CONNECT  → 127.0.0.11:53           pid=146560
[06:22:30.174990] AMF   CONNECT  → 127.0.0.11:53           pid=146560
[06:22:30.175019] AMF   WRITE    45     bytes  pid=146560
[06:22:30.175037] AMF   WRITE    45     bytes  pid=146560
[06:22:30.175245] AMF   READ     66     bytes  pid=146560
[06:22:30.175248] AMF   READ     34     bytes  pid=146560
[06:22:30.175434] AMF   CONNECT  → 10.100.200.5:8000       pid=146560
[06:22:30.175523] AMF   WRITE    70     bytes  pid=146560
[06:22:30.175674] AMF   WRITE    807    bytes  pid=146560
[06:22:30.175757] AMF   READ     17     bytes  pid=146560
[06:22:30.175825] AMF   WRITE    8      bytes  pid=146560
[06:22:30.175844] AMF   READ     8      bytes  pid=146560
[06:22:30.176035] AMF   READ     39     bytes  pid=146560
[06:22:30.176049] AMF   WRITE    9      bytes  pid=146560
[06:22:30.176094] AMF   READ     22     bytes  pid=146560
[06:22:30.176631] AMF   READ     62     bytes  pid=146560
[06:22:30.176735] AMF   READ     56     bytes  pid=146560
[06:22:30.176829] AMF   WRITE    197    bytes  pid=146560
[06:22:30.177049] AMF   CONNECT  → 127.0.0.11:53           pid=146560
[06:22:30.177069] AMF   WRITE    44     bytes  pid=146560
[06:22:30.177116] AMF   CONNECT  → 127.0.0.11:53           pid=146560
[06:22:30.177141] AMF   WRITE    44     bytes  pid=146560
[06:22:30.177216] AMF   READ     33     bytes  pid=146560
[06:22:30.177249] AMF   WRITE    8      bytes  pid=146560
[06:22:30.177262] AMF   READ     8      bytes  pid=146560
[06:22:30.177279] AMF   READ     64     bytes  pid=146560
[06:22:30.177442] AMF   CONNECT  → 10.100.200.4:8000       pid=146560
[06:22:30.177552] AMF   WRITE    70     bytes  pid=146560
[06:22:30.177796] AMF   READ     39     bytes  pid=146560
[06:22:30.177827] AMF   WRITE    128    bytes  pid=146560
[06:22:30.177887] AMF   READ     17     bytes  pid=146560
[06:22:30.177980] AMF   WRITE    132    bytes  pid=146560
[06:22:30.178128] AMF   WRITE    9      bytes  pid=146560
[06:22:30.178184] AMF   READ     22     bytes  pid=146560
[06:22:30.181803] AMF   READ     63     bytes  pid=146560
[06:22:30.181987] AMF   READ     626    bytes  pid=146560
[06:22:30.182284] AMF   WRITE    665    bytes  pid=146560
[06:22:30.184387] AMF   READ     1751   bytes  pid=146560
[06:22:30.184733] AMF   WRITE    21     bytes  pid=146560
[06:22:30.184779] AMF   WRITE    138    bytes  pid=146560
[06:22:30.184829] AMF   WRITE    8      bytes  pid=146560
[06:22:30.184843] AMF   READ     8      bytes  pid=146560
[06:22:30.189700] AMF   READ     657    bytes  pid=146560
[06:22:30.190096] AMF   CONNECT  → 127.0.0.11:53           pid=146560
[06:22:30.190096] AMF   CONNECT  → 127.0.0.11:53           pid=146560
[06:22:30.190121] AMF   WRITE    44     bytes  pid=146560
[06:22:30.190121] AMF   WRITE    44     bytes  pid=146560
[06:22:30.190282] AMF   READ     64     bytes  pid=146560
[06:22:30.190322] AMF   READ     33     bytes  pid=146560
[06:22:30.190467] AMF   CONNECT  → 10.100.200.6:8000       pid=146560
[06:22:30.190524] AMF   WRITE    70     bytes  pid=146560
[06:22:30.190639] AMF   WRITE    646    bytes  pid=146560
[06:22:30.190691] AMF   WRITE    1077   bytes  pid=146560
[06:22:30.190913] AMF   READ     61     bytes  pid=146560
[06:22:30.190967] AMF   READ     17     bytes  pid=146560
[06:22:30.191041] AMF   WRITE    9      bytes  pid=146560
[06:22:30.370019] AMF   READ     135    bytes  pid=146560
[06:22:30.370197] AMF   READ     56     bytes  pid=146560
[06:22:30.370332] AMF   WRITE    165    bytes  pid=146560
[06:22:30.370396] AMF   WRITE    114    bytes  pid=146560
[06:22:30.370651] AMF   WRITE    169    bytes  pid=146560
[06:22:30.370787] AMF   WRITE    129    bytes  pid=146560
[06:22:30.370812] AMF   WRITE    147    bytes  pid=146560
[06:22:30.370822] AMF   WRITE    153    bytes  pid=146560
[06:22:30.370839] AMF   WRITE    177    bytes  pid=146560
[06:22:30.371285] AMF   READ     17     bytes  pid=146560
[06:22:30.371374] AMF   CONNECT  → 127.0.0.11:53           pid=146560
[06:22:30.371427] AMF   WRITE    44     bytes  pid=146560
[06:22:30.371461] AMF   CONNECT  → 127.0.0.11:53           pid=146560
[06:22:30.371483] AMF   WRITE    44     bytes  pid=146560
[06:22:30.372643] AMF   READ     64     bytes  pid=146560
[06:22:30.372693] AMF   READ     33     bytes  pid=146560
[06:22:30.373099] AMF   CONNECT  → 10.100.200.4:8000       pid=146560
[06:22:30.373413] AMF   WRITE    70     bytes  pid=146560
[06:22:30.373577] AMF   WRITE    128    bytes  pid=146560
[06:22:30.373649] AMF   WRITE    141    bytes  pid=146560
[06:22:30.374067] AMF   READ     39     bytes  pid=146560
[06:22:30.374078] AMF   WRITE    9      bytes  pid=146560
[06:22:30.374233] AMF   READ     22     bytes  pid=146560
[06:22:30.382597] AMF   READ     63     bytes  pid=146560
[06:22:30.382691] AMF   WRITE    8      bytes  pid=146560
[06:22:30.382710] AMF   READ     8      bytes  pid=146560
[06:22:30.382901] AMF   READ     644    bytes  pid=146560
[06:22:30.383300] AMF   CONNECT  → 127.0.0.11:53           pid=146560
[06:22:30.383325] AMF   WRITE    45     bytes  pid=146560
[06:22:30.383386] AMF   CONNECT  → 127.0.0.11:53           pid=146560
[06:22:30.383400] AMF   WRITE    45     bytes  pid=146560
[06:22:30.383734] AMF   READ     34     bytes  pid=146560
[06:22:30.383735] AMF   READ     66     bytes  pid=146560
[06:22:30.384052] AMF   CONNECT  → 10.100.200.5:8000       pid=146560
[06:22:30.384146] AMF   READ     17     bytes  pid=146560
[06:22:30.385111] AMF   WRITE    70     bytes  pid=146560
[06:22:30.385286] AMF   WRITE    807    bytes  pid=146560
[06:22:30.385432] AMF   READ     39     bytes  pid=146560
[06:22:30.385450] AMF   WRITE    9      bytes  pid=146560
[06:22:30.385518] AMF   READ     22     bytes  pid=146560
[06:22:30.386316] AMF   READ     62     bytes  pid=146560
[06:22:30.386360] AMF   READ     56     bytes  pid=146560
[06:22:30.386453] AMF   WRITE    197    bytes  pid=146560
[06:22:30.386723] AMF   CONNECT  → 127.0.0.11:53           pid=146560
[06:22:30.386748] AMF   WRITE    44     bytes  pid=146560
[06:22:30.386792] AMF   CONNECT  → 127.0.0.11:53           pid=146560
[06:22:30.386814] AMF   WRITE    44     bytes  pid=146560
[06:22:30.386950] AMF   READ     33     bytes  pid=146560
[06:22:30.387041] AMF   READ     64     bytes  pid=146560
[06:22:30.387258] AMF   CONNECT  → 10.100.200.4:8000       pid=146560
[06:22:30.387346] AMF   WRITE    70     bytes  pid=146560
[06:22:30.387595] AMF   WRITE    128    bytes  pid=146560
[06:22:30.387730] AMF   READ     17     bytes  pid=146560
[06:22:30.387766] AMF   WRITE    132    bytes  pid=146560
[06:22:30.388445] AMF   READ     39     bytes  pid=146560
[06:22:30.388503] AMF   WRITE    9      bytes  pid=146560
[06:22:30.388609] AMF   READ     22     bytes  pid=146560
[06:22:30.390338] AMF   ACCEPT   ← 10.100.200.6:44496      pid=146560  fd=35
[06:22:30.390722] AMF   READ     715    bytes  pid=146560
[06:22:30.390885] AMF   WRITE    8      bytes  pid=146560
[06:22:30.390899] AMF   READ     8      bytes  pid=146560
[06:22:30.390905] AMF   WRITE    39     bytes  pid=146560
[06:22:30.390964] AMF   WRITE    22     bytes  pid=146560
[06:22:30.391191] AMF   READ     1237   bytes  pid=146560
[06:22:30.391426] AMF   READ     9      bytes  pid=146560
[06:22:30.391434] AMF   READ     899    bytes  pid=146560
[06:22:30.391448] AMF   READ     9      bytes  pid=146560
[06:22:30.391632] AMF   WRITE    99     bytes  pid=146560
[06:22:30.391724] AMF   API      AMFN1N2MessageTransfer    pid=146560 tid=146949
[06:22:30.391782] AMF   WRITE    162    bytes  pid=146560
[06:22:30.391963] AMF   WRITE    160    bytes  pid=146560
[06:22:30.394089] AMF   READ     63     bytes  pid=146560
[06:22:30.394122] AMF   WRITE    62     bytes  pid=146560
[06:22:30.394239] AMF   WRITE    8      bytes  pid=146560
[06:22:30.394271] AMF   READ     626    bytes  pid=146560
[06:22:30.394277] AMF   WRITE    45     bytes  pid=146560
[06:22:30.394297] AMF   READ     8      bytes  pid=146560
[06:22:30.394700] AMF   WRITE    665    bytes  pid=146560
[06:22:30.395407] AMF   WRITE    17     bytes  pid=146560
[06:22:30.403614] AMF   READ     17     bytes  pid=146560
[06:22:30.403843] AMF   READ     1734   bytes  pid=146560
[06:22:30.404190] AMF   WRITE    21     bytes  pid=146560
[06:22:30.404242] AMF   WRITE    138    bytes  pid=146560
[06:22:30.410436] AMF   READ     17     bytes  pid=146560
[06:22:30.410725] AMF   READ     640    bytes  pid=146560
[06:22:30.411114] AMF   CONNECT  → 127.0.0.11:53           pid=146560
[06:22:30.411114] AMF   CONNECT  → 127.0.0.11:53           pid=146560
[06:22:30.411138] AMF   WRITE    44     bytes  pid=146560
[06:22:30.411166] AMF   WRITE    44     bytes  pid=146560
[06:22:30.411457] AMF   READ     33     bytes  pid=146560
[06:22:30.411481] AMF   READ     64     bytes  pid=146560
[06:22:30.411902] AMF   CONNECT  → 10.100.200.6:8000       pid=146560
[06:22:30.411992] AMF   WRITE    70     bytes  pid=146560
[06:22:30.412479] AMF   READ     61     bytes  pid=146560
[06:22:30.412578] AMF   WRITE    646    bytes  pid=146560
[06:22:30.413206] AMF   READ     17     bytes  pid=146560
[06:22:30.413331] AMF   WRITE    1077   bytes  pid=146560
[06:22:30.414604] AMF   WRITE    9      bytes  pid=146560
[06:22:30.642970] AMF   READ     135    bytes  pid=146560
[06:22:30.643210] AMF   READ     56     bytes  pid=146560
[06:22:30.643376] AMF   WRITE    165    bytes  pid=146560
[06:22:30.643509] AMF   WRITE    127    bytes  pid=146560
[06:22:30.643533] AMF   WRITE    140    bytes  pid=146560
[06:22:30.643551] AMF   WRITE    182    bytes  pid=146560
[06:22:30.643790] AMF   CONNECT  → 127.0.0.11:53           pid=146560
[06:22:30.643790] AMF   CONNECT  → 127.0.0.11:53           pid=146560
[06:22:30.643827] AMF   WRITE    44     bytes  pid=146560
[06:22:30.643859] AMF   WRITE    44     bytes  pid=146560
[06:22:30.644164] AMF   READ     64     bytes  pid=146560
[06:22:30.644332] AMF   READ     33     bytes  pid=146560
[06:22:30.644332] AMF   READ     17     bytes  pid=146560
[06:22:30.644423] AMF   WRITE    8      bytes  pid=146560
[06:22:30.644520] AMF   READ     8      bytes  pid=146560
[06:22:30.644737] AMF   CONNECT  → 10.100.200.4:8000       pid=146560
[06:22:30.644863] AMF   WRITE    70     bytes  pid=146560
[06:22:30.645138] AMF   WRITE    128    bytes  pid=146560
[06:22:30.645219] AMF   WRITE    138    bytes  pid=146560
[06:22:30.647493] AMF   READ     39     bytes  pid=146560
[06:22:30.647518] AMF   WRITE    9      bytes  pid=146560
[06:22:30.647606] AMF   READ     22     bytes  pid=146560
[06:22:30.650580] AMF   ACCEPT   ← 10.100.200.6:44498      pid=146560  fd=38
[06:22:30.650699] AMF   READ     1623   bytes  pid=146560
[06:22:30.650808] AMF   WRITE    8      bytes  pid=146560
[06:22:30.650834] AMF   READ     8      bytes  pid=146560
[06:22:30.650918] AMF   WRITE    39     bytes  pid=146560
[06:22:30.651006] AMF   WRITE    22     bytes  pid=146560
[06:22:30.651174] AMF   READ     9      bytes  pid=146560
[06:22:30.651263] AMF   READ     1237   bytes  pid=146560
[06:22:30.651761] AMF   WRITE    99     bytes  pid=146560
[06:22:30.651780] AMF   API      AMFN1N2MessageTransfer    pid=146560 tid=146962
[06:22:30.651821] AMF   WRITE    162    bytes  pid=146560
[06:22:30.652007] AMF   WRITE    160    bytes  pid=146560
[06:22:30.652203] AMF   WRITE    62     bytes  pid=146560
[06:22:30.652276] AMF   WRITE    8      bytes  pid=146560
[06:22:30.652307] AMF   WRITE    45     bytes  pid=146560
[06:22:30.652363] AMF   READ     8      bytes  pid=146560
[06:22:30.653471] AMF   WRITE    17     bytes  pid=146560
[06:22:30.655807] AMF   READ     63     bytes  pid=146560
[06:22:30.655898] AMF   READ     640    bytes  pid=146560
[06:22:30.656445] AMF   CONNECT  → 127.0.0.11:53           pid=146560
[06:22:30.656460] AMF   CONNECT  → 127.0.0.11:53           pid=146560
[06:22:30.656485] AMF   WRITE    44     bytes  pid=146560
[06:22:30.656526] AMF   WRITE    44     bytes  pid=146560
[06:22:30.656736] AMF   READ     33     bytes  pid=146560
[06:22:30.656850] AMF   READ     64     bytes  pid=146560
[06:22:30.657227] AMF   READ     17     bytes  pid=146560
[06:22:30.657267] AMF   CONNECT  → 10.100.200.6:8000       pid=146560
[06:22:30.657363] AMF   WRITE    70     bytes  pid=146560
[06:22:30.657590] AMF   WRITE    683    bytes  pid=146560
[06:22:30.657660] AMF   WRITE    639    bytes  pid=146560
[06:22:30.658171] AMF   READ     61     bytes  pid=146560
[06:22:30.658246] AMF   WRITE    9      bytes  pid=146560
[06:22:30.661314] AMF   READ     107    bytes  pid=146560
[06:22:30.661568] AMF   READ     177    bytes  pid=146560
[06:22:30.661739] AMF   WRITE    127    bytes  pid=146560
[06:22:30.661987] AMF   WRITE    140    bytes  pid=146560
[06:22:30.662232] AMF   WRITE    182    bytes  pid=146560
[06:22:30.663059] AMF   READ     17     bytes  pid=146560
[06:22:30.664459] AMF   CONNECT  → 127.0.0.11:53           pid=146560
[06:22:30.664498] AMF   WRITE    44     bytes  pid=146560
[06:22:30.664690] AMF   CONNECT  → 127.0.0.11:53           pid=146560
[06:22:30.664717] AMF   WRITE    44     bytes  pid=146560
[06:22:30.664901] AMF   READ     64     bytes  pid=146560
[06:22:30.664965] AMF   READ     33     bytes  pid=146560
[06:22:30.665352] AMF   CONNECT  → 10.100.200.4:8000       pid=146560
[06:22:30.665452] AMF   WRITE    70     bytes  pid=146560
[06:22:30.665603] AMF   WRITE    128    bytes  pid=146560
[06:22:30.665642] AMF   WRITE    138    bytes  pid=146560
[06:22:30.665932] AMF   READ     39     bytes  pid=146560
[06:22:30.665956] AMF   WRITE    9      bytes  pid=146560
[06:22:30.666076] AMF   READ     22     bytes  pid=146560
[06:22:30.675675] AMF   READ     63     bytes  pid=146560
[06:22:30.675727] AMF   READ     640    bytes  pid=146560
[06:22:30.676035] AMF   CONNECT  → 127.0.0.11:53           pid=146560
[06:22:30.676057] AMF   WRITE    44     bytes  pid=146560
[06:22:30.676460] AMF   READ     33     bytes  pid=146560
[06:22:30.676510] AMF   READ     17     bytes  pid=146560
[06:22:30.676540] AMF   CONNECT  → 127.0.0.11:53           pid=146560
[06:22:30.676568] AMF   WRITE    44     bytes  pid=146560
[06:22:30.676732] AMF   READ     64     bytes  pid=146560
[06:22:30.676916] AMF   CONNECT  → 10.100.200.6:8000       pid=146560
[06:22:30.676990] AMF   WRITE    70     bytes  pid=146560
[06:22:30.677172] AMF   WRITE    684    bytes  pid=146560
[06:22:30.677248] AMF   WRITE    639    bytes  pid=146560
[06:22:30.677411] AMF   WRITE    8      bytes  pid=146560
[06:22:30.677425] AMF   READ     8      bytes  pid=146560
[06:22:30.678401] AMF   READ     61     bytes  pid=146560
[06:22:30.678442] AMF   WRITE    9      bytes  pid=146560
[06:22:30.682512] AMF   READ     283    bytes  pid=146560
[06:22:30.682704] AMF   WRITE    8      bytes  pid=146560
[06:22:30.682715] AMF   READ     8      bytes  pid=146560
[06:22:30.683151] AMF   READ     17     bytes  pid=146560
[06:22:30.740358] AMF   WRITE    17     bytes  pid=146560
[06:22:30.740778] AMF   WRITE    8      bytes  pid=146560
[06:22:30.740811] AMF   READ     8      bytes  pid=146560
[06:22:30.783051] AMF   WRITE    17     bytes  pid=146560
[06:22:30.783223] AMF   READ     17     bytes  pid=146560
[06:22:30.805768] AMF   WRITE    17     bytes  pid=146560
[06:22:30.805896] AMF   READ     17     bytes  pid=146560
[06:22:30.818243] AMF   WRITE    17     bytes  pid=146560
[06:22:30.859277] AMF   WRITE    8      bytes  pid=146560
[06:22:30.859293] AMF   READ     8      bytes  pid=146560
[06:22:30.882225] AMF   WRITE    17     bytes  pid=146560
[06:22:30.882327] AMF   READ     17     bytes  pid=146560
[06:22:30.925036] AMF   WRITE    17     bytes  pid=146560
[06:22:30.925203] AMF   READ     17     bytes  pid=146560
[06:22:31.388305] AMF   WRITE    17     bytes  pid=146560
[06:22:31.644967] AMF   WRITE    17     bytes  pid=146560
[06:22:31.645521] AMF   WRITE    8      bytes  pid=146560
[06:22:31.645565] AMF   READ     8      bytes  pid=146560
[06:22:31.658218] AMF   WRITE    17     bytes  pid=146560
[06:22:31.677221] AMF   WRITE    17     bytes  pid=146560
[06:22:31.784347] AMF   WRITE    8      bytes  pid=146560
[06:22:31.784402] AMF   READ     8      bytes  pid=146560
[06:22:31.796681] AMF   WRITE    8      bytes  pid=146560
[06:22:31.796727] AMF   READ     8      bytes  pid=146560
[06:22:31.819323] AMF   WRITE    8      bytes  pid=146560
[06:22:31.819397] AMF   READ     8      bytes  pid=146560
[06:22:31.836641] AMF   WRITE    8      bytes  pid=146560
[06:22:31.836705] AMF   READ     8      bytes  pid=146560
[06:22:31.864991] AMF   WRITE    8      bytes  pid=146560
[06:22:31.865062] AMF   READ     8      bytes  pid=146560
[06:22:31.891925] AMF   WRITE    8      bytes  pid=146560
[06:22:31.891997] AMF   READ     8      bytes  pid=146560
[06:22:31.904915] AMF   WRITE    8      bytes  pid=146560
[06:22:31.904988] AMF   READ     8      bytes  pid=146560
[06:22:31.925424] AMF   WRITE    8      bytes  pid=146560
[06:22:31.925486] AMF   READ     8      bytes  pid=146560
[06:22:31.942986] AMF   WRITE    8      bytes  pid=146560
[06:22:31.943041] AMF   READ     8      bytes  pid=146560
[06:22:32.178769] AMF   WRITE    8      bytes  pid=146560
[06:22:32.178834] AMF   READ     8      bytes  pid=146560
[06:22:32.192234] AMF   WRITE    8      bytes  pid=146560
[06:22:32.192356] AMF   READ     8      bytes  pid=146560
[06:22:32.388969] AMF   WRITE    8      bytes  pid=146560
[06:22:32.388989] AMF   READ     8      bytes  pid=146560
[06:22:32.415162] AMF   WRITE    8      bytes  pid=146560
[06:22:32.415178] AMF   READ     8      bytes  pid=146560
[06:22:32.659441] AMF   WRITE    8      bytes  pid=146560
[06:22:32.659463] AMF   READ     8      bytes  pid=146560
[06:22:32.664623] AMF   WRITE    8      bytes  pid=146560
[06:22:32.664659] AMF   READ     8      bytes  pid=146560
[06:22:32.678841] AMF   WRITE    8      bytes  pid=146560
[06:22:32.678857] AMF   READ     8      bytes  pid=146560
[06:22:42.935568] AMF   WRITE    8      bytes  pid=146560
[06:22:42.935591] AMF   READ     8      bytes  pid=146560

[*] Detaching...
